＝ iphone: 复用已核 SDK 构建（/Users/tianli/Library/Caches/sim-lane/platform-measure/sim-lane-build.e6982c0791732bfce73b18268bda234214598f596023b7e4fb5e4d72f08f88e6/sim-lane-build.ixvqzr98/build.json）
{
  "status": "prepared-not-built",
  "platform": "iphone",
  "receipt": "/Users/tianli/Library/Caches/sim-lane/platform-measure/sim-lane-build.e6982c0791732bfce73b18268bda234214598f596023b7e4fb5e4d72f08f88e6/sim-lane-build.ixvqzr98/build.json",
  "receipt_sha256": "5d6e801503c029c57f8aeaeb691d3f38da392df7f56936ca2bf89a2b946a47df",
  "input_sha256": "2f20655669b84ae91c2fa988ed4f94b5215a2eb5f4abe3c033d0174ac53c8b6b",
  "source_copy": "/Users/tianli/Library/Caches/sim-lane/platform-measure/sim-lane-build.e6982c0791732bfce73b18268bda234214598f596023b7e4fb5e4d72f08f88e6/sim-lane-build.ixvqzr98/src/ios/01-源程序",
  "family_copy": "/Users/tianli/Library/Caches/sim-lane/platform-measure/sim-lane-build.e6982c0791732bfce73b18268bda234214598f596023b7e4fb5e4d72f08f88e6/sim-lane-build.ixvqzr98/src",
  "test_src": "/private/tmp/folio-hosted-queue-1622d9963f2d480fad43029d01951ab1/iphone/test_src/HostedIntegrationTests.swift",
  "test_live_source": "/Users/tianli/Apps/folio/ios/01-源程序/Tests/HostedIntegrationTests.swift",
  "hosted_test_sha256": "108b44b60dd355693fd180475786073d7e2ea3b3dc1978887a363c3b9917bd44",
  "overlay_sha256": "ff6f295d437e9a2fda4699006c9612603de8952cc231b6fce241f21d5aa84a12",
  "prepare_script_sha256": "4fd75190317b45fe9edae6687f7bc13cec3e714dc3fc0d14ea8d5ef36bb4f70e",
  "prepare_script": "/Users/tianli/Apps/folio/ios/01-源程序/Tests/HostedHarness/prepare.py",
  "xcode": {
    "name": "Xcode.app",
    "version": "27.0",
    "build": "27A266a",
    "developer_dir": "/Applications/Xcode.app/Contents/Developer"
  },
  "boundary": "SDK integration only; no Files provider grants, picker UI, OS scene or crash claim"
}
{
  "status": "artifact-bound-not-tested",
  "file_count": 49,
  "input_sha256": "2f20655669b84ae91c2fa988ed4f94b5215a2eb5f4abe3c033d0174ac53c8b6b",
  "test_sha256": "108b44b60dd355693fd180475786073d7e2ea3b3dc1978887a363c3b9917bd44",
  "no_build": true,
  "no_boot": true
}
{
  "status": "passed",
  "started_at": "2026-10-04T10:21:59.092151+00:00",
  "driver_sha256": "3f0bf7d0442a5bbaaaf4942ba258f267748a536c2360e6b6bc94c846462ad8b7",
  "udid": "12B97992-764F-4AAE-9C54-C41E5BEADA0B",
  "scope": "non-UI test-without-building; no XCUIApplication or synthetic events",
  "before": {
    "harness_binding_sha256": "4b287e179dbfc8b09bbd6694440f11154988d0088982bb0596e975218a77caaa",
    "files": {
      "/private/tmp/folio-hosted-queue-1622d9963f2d480fad43029d01951ab1/iphone/prepared.json": "ded4066e2b44b8f7d98dc92f2f059b9d981f943d1a1c2f6304d3bdc5067686b5",
      "/private/tmp/folio-hosted-queue-1622d9963f2d480fad43029d01951ab1/iphone/hosted-build-observation.json": "2792e81c32b51194087322f51e5976a2589b9371455a12121f582236728a1c81",
      "/private/tmp/folio-hosted-queue-1622d9963f2d480fad43029d01951ab1/iphone/hosted-build.log": "0e30b5895ed3726431f1635a8223068a509d691e97dd1c7ab4120d1b8ab6729a",
      "/private/tmp/folio-hosted-queue-1622d9963f2d480fad43029d01951ab1/iphone/project.hosted.yml": "ff6f295d437e9a2fda4699006c9612603de8952cc231b6fce241f21d5aa84a12",
      "/private/tmp/folio-hosted-queue-1622d9963f2d480fad43029d01951ab1/iphone/FolioMobile.xcodeproj/project.pbxproj": "d8d67b97b61ae0ababc51f36f2ba5d40b5574208aa50c14cc0bd2d4d42b24a79",
      "/private/tmp/folio-hosted-queue-1622d9963f2d480fad43029d01951ab1/iphone/test_src/HostedIntegrationTests.swift": "108b44b60dd355693fd180475786073d7e2ea3b3dc1978887a363c3b9917bd44",
      "/Users/tianli/Apps/folio/ios/01-源程序/Tests/HostedIntegrationTests.swift": "108b44b60dd355693fd180475786073d7e2ea3b3dc1978887a363c3b9917bd44",
      "/Users/tianli/Apps/folio/ios/01-源程序/Tests/HostedHarness/prepare.py": "4fd75190317b45fe9edae6687f7bc13cec3e714dc3fc0d14ea8d5ef36bb4f70e",
      "/private/tmp/folio-hosted-queue-1622d9963f2d480fad43029d01951ab1/iphone/dd/Build/Products/FolioMobile_iphonesimulator27.0-arm64-x86_64.xctestrun": "804dad5bfe7ef1fb8a8ec73ca1fdac621e5d129e73ec534ff626b71d332e1ae0",
      "/private/tmp/folio-hosted-queue-1622d9963f2d480fad43029d01951ab1/iphone/dd/Build/Products/Debug-iphonesimulator/Folio.app/AppIcon60x60@2x.png": "9a006a2298bb188814a41021c2cfb7a03fb5955060d834144aeb1837ffc9603b",
      "/private/tmp/folio-hosted-queue-1622d9963f2d480fad43029d01951ab1/iphone/dd/Build/Products/Debug-iphonesimulator/Folio.app/AppIcon76x76@2x~ipad.png": "51dbb787106e58f4e487e49fcb802eef027809ec0ec5ac10a3a4f8ef6d53d000",
      "/private/tmp/folio-hosted-queue-1622d9963f2d480fad43029d01951ab1/iphone/dd/Build/Products/Debug-iphonesimulator/Folio.app/Assets.car": "a3e384e5f62639614a3afbbc0d71fd47d31b32bf9d1940fcd41e0c1377b42148",
      "/private/tmp/folio-hosted-queue-1622d9963f2d480fad43029d01951ab1/iphone/dd/Build/Products/Debug-iphonesimulator/Folio.app/Editor/editor.css": "7091f6515705a9596bca24a98e8874cad0f61186dd064eb4183642925700dd86",
      "/private/tmp/folio-hosted-queue-1622d9963f2d480fad43029d01951ab1/iphone/dd/Build/Products/Debug-iphonesimulator/Folio.app/Editor/editor.js": "287aefd6f6f7cd4a8408c4a72c2e20e427cfeed8e7a302dd8e59e585f05fac2f",
      "/private/tmp/folio-hosted-queue-1622d9963f2d480fad43029d01951ab1/iphone/dd/Build/Products/Debug-iphonesimulator/Folio.app/Editor/fonts/KaTeX_AMS-Regular-U6PRYMIZ.woff2": "0cdd387c9590a1a9f9794560022dbb59654a7d86f187aa0c81495ad42d3a7308",
      "/private/tmp/folio-hosted-queue-1622d9963f2d480fad43029d01951ab1/iphone/dd/Build/Products/Debug-iphonesimulator/Folio.app/Editor/fonts/KaTeX_Caligraphic-Bold-5QL5CMTE.woff2": "de7701e42cf1f4cf0b766c03fb27977207eee2f4fd5d76fa82188406da43ea4c",
      "/private/tmp/folio-hosted-queue-1622d9963f2d480fad43029d01951ab1/iphone/dd/Build/Products/Debug-iphonesimulator/Folio.app/Editor/fonts/KaTeX_Caligraphic-Regular-KX5MEWCF.woff2": "5d53e70ad607c2352162dec9e0923fb54ecdafaccbf604cd8dcf7d00facb989b",
      "/private/tmp/folio-hosted-queue-1622d9963f2d480fad43029d01951ab1/iphone/dd/Build/Products/Debug-iphonesimulator/Folio.app/Editor/fonts/KaTeX_Fraktur-Bold-2QVFK6NQ.woff2": "74444efd593c005e3f4573b44524704c0af0a937fe911cca9e94068d0d140d3f",
      "/private/tmp/folio-hosted-queue-1622d9963f2d480fad43029d01951ab1/iphone/dd/Build/Products/Debug-iphonesimulator/Folio.app/Editor/fonts/KaTeX_Fraktur-Regular-2PEIFJSJ.woff2": "51814d270d06ff0255dba0799994fa4d8c84d11f09951d47595f4abb1f3602dc",
      "/private/tmp/folio-hosted-queue-1622d9963f2d480fad43029d01951ab1/iphone/dd/Build/Products/Debug-iphonesimulator/Folio.app/Editor/fonts/KaTeX_Main-Bold-YP5VVQRP.woff2": "0f60d1b897938ec918c8ce073092411baf9438f6739465693ff18b0f9d20b021",
      "/private/tmp/folio-hosted-queue-1622d9963f2d480fad43029d01951ab1/iphone/dd/Build/Products/Debug-iphonesimulator/Folio.app/Editor/fonts/KaTeX_Main-BoldItalic-N4V3DX7S.woff2": "99cd42a3c072d918f2f44984a807cf7aa16e13545fd0875fc07c6c65f99e715b",
      "/private/tmp/folio-hosted-queue-1622d9963f2d480fad43029d01951ab1/iphone/dd/Build/Products/Debug-iphonesimulator/Folio.app/Editor/fonts/KaTeX_Main-Italic-RELBIK7M.woff2": "97479ca6cce906abc961ecac96faa5f9ca2e61b8e7670d475826bcdee9a7c267",
      "/private/tmp/folio-hosted-queue-1622d9963f2d480fad43029d01951ab1/iphone/dd/Build/Products/Debug-iphonesimulator/Folio.app/Editor/fonts/KaTeX_Main-Regular-ARRPAO67.woff2": "c2342cd8b869e01752a9321dc17213fc40d4d04c79688c1d43f2cf316abd7866",
      "/private/tmp/folio-hosted-queue-1622d9963f2d480fad43029d01951ab1/iphone/dd/Build/Products/Debug-iphonesimulator/Folio.app/Editor/fonts/KaTeX_Math-BoldItalic-K4WTGH3J.woff2": "dc47344dbb6cb5b655c8460d561f4df5f501b90c804ad3c6cec65fe322351ab1",
      "/private/tmp/folio-hosted-queue-1622d9963f2d480fad43029d01951ab1/iphone/dd/Build/Products/Debug-iphonesimulator/Folio.app/Editor/fonts/KaTeX_Math-Italic-6KGCHLFN.woff2": "7af58c5ec8f132a2ddde9027c6d7814decce4d3b822a11192a42a20e2e973264",
      "/private/tmp/folio-hosted-queue-1622d9963f2d480fad43029d01951ab1/iphone/dd/Build/Products/Debug-iphonesimulator/Folio.app/Editor/fonts/KaTeX_SansSerif-Bold-RRNVJFFW.woff2": "e99ae51144bf1232efcc1bfe5add36262c6866b0faab24fa75740e1b98577a62",
      "/private/tmp/folio-hosted-queue-1622d9963f2d480fad43029d01951ab1/iphone/dd/Build/Products/Debug-iphonesimulator/Folio.app/Editor/fonts/KaTeX_SansSerif-Italic-HMPFTM52.woff2": "00b26ac825e2095056396e0553b8ac26d3f8ad158c3826e28b4c45b385c4714a",
      "/private/tmp/folio-hosted-queue-1622d9963f2d480fad43029d01951ab1/iphone/dd/Build/Products/Debug-iphonesimulator/Folio.app/Editor/fonts/KaTeX_SansSerif-Regular-XIQ62X4E.woff2": "68e8c73ef42afd3ccec58bf0fba302cce448938e7fc020a5e31f8a952eee1342",
      "/private/tmp/folio-hosted-queue-1622d9963f2d480fad43029d01951ab1/iphone/dd/Build/Products/Debug-iphonesimulator/Folio.app/Editor/fonts/KaTeX_Script-Regular-APUWIHLP.woff2": "036d4e95149b69ff9bcc0cd55771efeb25ffa3947293e69acd78d5ac328c684b",
      "/private/tmp/folio-hosted-queue-1622d9963f2d480fad43029d01951ab1/iphone/dd/Build/Products/Debug-iphonesimulator/Folio.app/Editor/fonts/KaTeX_Size1-Regular-5LRUTBFT.woff2": "6b47c40166b6dbe21a5dfca7718413f2147fd2399be1ba605d8ad39cedf25dfe",
      "/private/tmp/folio-hosted-queue-1622d9963f2d480fad43029d01951ab1/iphone/dd/Build/Products/Debug-iphonesimulator/Folio.app/Editor/fonts/KaTeX_Size2-Regular-LELKET5D.woff2": "d04c54219f9eaec6d4d4fd42dfb28785975a4794d6b2fc71e566b9cd6db842dd",
      "/private/tmp/folio-hosted-queue-1622d9963f2d480fad43029d01951ab1/iphone/dd/Build/Products/Debug-iphonesimulator/Folio.app/Editor/fonts/KaTeX_Size3-Regular-WQRQ47UD.woff2": "73d591271b1604960cb10bb90fee021670af7297017e0e98480b332d11f51995",
      "/private/tmp/folio-hosted-queue-1622d9963f2d480fad43029d01951ab1/iphone/dd/Build/Products/Debug-iphonesimulator/Folio.app/Editor/fonts/KaTeX_Size4-Regular-CDMV7U5C.woff2": "a4af7d414440a1c1790825cfb700cf9cf43b0f2c4b04f0ebc523011ad9853ec0",
      "/private/tmp/folio-hosted-queue-1622d9963f2d480fad43029d01951ab1/iphone/dd/Build/Products/Debug-iphonesimulator/Folio.app/Editor/fonts/KaTeX_Typewriter-Regular-VBYJ4NRC.woff2": "71d517d67827787cfabdf186914cc3358eda539e37931941f2b2fd4a21f68c0b",
      "/private/tmp/folio-hosted-queue-1622d9963f2d480fad43029d01951ab1/iphone/dd/Build/Products/Debug-iphonesimulator/Folio.app/Editor/highlight.js": "2bd08bd632c920db462dc9245c27867fcc6d2811948af543dfa9f4bb440d647c",
      "/private/tmp/folio-hosted-queue-1622d9963f2d480fad43029d01951ab1/iphone/dd/Build/Products/Debug-iphonesimulator/Folio.app/Editor/index.html": "dabc0c0795f5e8f31fa935c0321db088afc6a17d094508b17ed2090b13e33c1f",
      "/private/tmp/folio-hosted-queue-1622d9963f2d480fad43029d01951ab1/iphone/dd/Build/Products/Debug-iphonesimulator/Folio.app/Editor/katex.css": "15192c32d1d372e9932111255f824596f539b7dfdd04b2f5395c8be8cf63205c",
      "/private/tmp/folio-hosted-queue-1622d9963f2d480fad43029d01951ab1/iphone/dd/Build/Products/Debug-iphonesimulator/Folio.app/Editor/katex.js": "8f9037222c5ec47d1cfde23bb860e939d8a2a1cc9e5f80008fd9bb70a5269930",
      "/private/tmp/folio-hosted-queue-1622d9963f2d480fad43029d01951ab1/iphone/dd/Build/Products/Debug-iphonesimulator/Folio.app/Editor/mermaid.js": "91e61dba59569878e7e27ea8644eb051f429cb677c79e8976c9689bc40e0a2d6",
      "/private/tmp/folio-hosted-queue-1622d9963f2d480fad43029d01951ab1/iphone/dd/Build/Products/Debug-iphonesimulator/Folio.app/Folio": "bf92c008c08310a676ca6622d05039f759d1bba227225a50b6831e192244a239",
      "/private/tmp/folio-hosted-queue-1622d9963f2d480fad43029d01951ab1/iphone/dd/Build/Products/Debug-iphonesimulator/Folio.app/Folio.debug.dylib": "5ef4857d674f0da030127a641ef889339c61d521bb30f629aeba19acd3ebec83",
      "/private/tmp/folio-hosted-queue-1622d9963f2d480fad43029d01951ab1/iphone/dd/Build/Products/Debug-iphonesimulator/Folio.app/Info.plist": "4f6cbb496df740def70f2521a9befd9f0b0915f2fdb0028d6946823d69a04fb6",
      "/private/tmp/folio-hosted-queue-1622d9963f2d480fad43029d01951ab1/iphone/dd/Build/Products/Debug-iphonesimulator/Folio.app/PkgInfo": "82502191c9484b04d685374f9879a0066069c49b8acae7a04b01d38d07e8eca0",
      "/private/tmp/folio-hosted-queue-1622d9963f2d480fad43029d01951ab1/iphone/dd/Build/Products/Debug-iphonesimulator/Folio.app/PlugIns/FolioHostedIntegration.xctest/FolioHostedIntegration": "dbed2501ede87e15ffd86b314682d8416e92e347894574c0ed6e1cc11dc3892d",
      "/private/tmp/folio-hosted-queue-1622d9963f2d480fad43029d01951ab1/iphone/dd/Build/Products/Debug-iphonesimulator/Folio.app/PlugIns/FolioHostedIntegration.xctest/Info.plist": "e16aa218d2862823af15841c9127f60a1b625368997bd8de39bb79f44f1f53a2",
      "/private/tmp/folio-hosted-queue-1622d9963f2d480fad43029d01951ab1/iphone/dd/Build/Products/Debug-iphonesimulator/Folio.app/PrivacyInfo.xcprivacy": "f844676ec96000eb90a6333c73869cfae7c55c884a2362ab7b91db84d64383ab",
      "/private/tmp/folio-hosted-queue-1622d9963f2d480fad43029d01951ab1/iphone/dd/Build/Products/Debug-iphonesimulator/Folio.app/THIRD-PARTY-NOTICES.txt": "5be51b4f04c7df6e076f98dd757008926d978193a45cc3953190c9c6a5db8d37",
      "/private/tmp/folio-hosted-queue-1622d9963f2d480fad43029d01951ab1/iphone/dd/Build/Products/Debug-iphonesimulator/Folio.app/__preview.dylib": "9788f034de88e404862a280bec2d0985921bd421b94c37d4fcad0c2c6d49093b",
      "/private/tmp/folio-hosted-queue-1622d9963f2d480fad43029d01951ab1/iphone/dd/Build/Products/Debug-iphonesimulator/Folio.app/demo.md": "64e12c6c84e5c5c89a8d31928b989d59a708740cf803d663b311623aad9f0672"
    },
    "input_sha256": "2f20655669b84ae91c2fa988ed4f94b5215a2eb5f4abe3c033d0174ac53c8b6b",
    "test_sha256": "108b44b60dd355693fd180475786073d7e2ea3b3dc1978887a363c3b9917bd44",
    "monitor_code": "8702ac9fb10b364d977bbe29794feae6aed093f9bd55a29bacf45cb034aad8e6",
    "xctestrun": "/private/tmp/folio-hosted-queue-1622d9963f2d480fad43029d01951ab1/iphone/dd/Build/Products/FolioMobile_iphonesimulator27.0-arm64-x86_64.xctestrun",
    "xcode": {
      "name": "Xcode.app",
      "version": "27.0",
      "build": "27A266a",
      "developer_dir": "/Applications/Xcode.app/Contents/Developer"
    },
    "sdk": "iphonesimulator27.0",
    "expected_manifest_sha256": "6622babab91ef0226aecb0e4c07e05a5053f0fad9776b54c208f4230f089149e"
  },
  "chapter_lock": {
    "path": "/Users/tianli/Library/Application Support/app-sop/lock",
    "inherited": true,
    "pid": 81691,
    "pid_started": 1791109303.0,
    "device": 16777234,
    "inode": 480799797
  },
  "device": {
    "udid": "12B97992-764F-4AAE-9C54-C41E5BEADA0B",
    "name": "Folio Integration",
    "runtime": "com.apple.CoreSimulator.SimRuntime.iOS-27-0",
    "device_type": "iPhone-17-Pro",
    "state": "Shutdown",
    "available": true
  },
  "command": [
    "/Applications/Xcode.app/Contents/Developer/usr/bin/xcodebuild",
    "test-without-building",
    "-xctestrun",
    "/private/tmp/folio-hosted-queue-1622d9963f2d480fad43029d01951ab1/iphone/dd/Build/Products/FolioMobile_iphonesimulator27.0-arm64-x86_64.xctestrun",
    "-destination",
    "platform=iOS Simulator,id=12B97992-764F-4AAE-9C54-C41E5BEADA0B",
    "-destination-timeout",
    "10",
    "-resultBundlePath",
    "/private/tmp/folio-hosted-queue-1622d9963f2d480fad43029d01951ab1/run-20261004-182159-81698/tests.xcresult",
    "-parallel-testing-enabled",
    "NO",
    "-maximum-concurrent-test-simulator-destinations",
    "1",
    "-only-testing:FolioHostedIntegration/HostedIntegrationTests/testSDKOpenEditSafeSaveAndRecovery",
    "-collect-test-diagnostics",
    "never"
  ],
  "test_process": {
    "pid": 82790,
    "pid_started": "Sun Oct  4 18:22:36 2026",
    "pgid": 82790
  },
  "exit_code": 0,
  "after": {
    "harness_binding_sha256": "4b287e179dbfc8b09bbd6694440f11154988d0088982bb0596e975218a77caaa",
    "files": {
      "/private/tmp/folio-hosted-queue-1622d9963f2d480fad43029d01951ab1/iphone/prepared.json": "ded4066e2b44b8f7d98dc92f2f059b9d981f943d1a1c2f6304d3bdc5067686b5",
      "/private/tmp/folio-hosted-queue-1622d9963f2d480fad43029d01951ab1/iphone/hosted-build-observation.json": "2792e81c32b51194087322f51e5976a2589b9371455a12121f582236728a1c81",
      "/private/tmp/folio-hosted-queue-1622d9963f2d480fad43029d01951ab1/iphone/hosted-build.log": "0e30b5895ed3726431f1635a8223068a509d691e97dd1c7ab4120d1b8ab6729a",
      "/private/tmp/folio-hosted-queue-1622d9963f2d480fad43029d01951ab1/iphone/project.hosted.yml": "ff6f295d437e9a2fda4699006c9612603de8952cc231b6fce241f21d5aa84a12",
      "/private/tmp/folio-hosted-queue-1622d9963f2d480fad43029d01951ab1/iphone/FolioMobile.xcodeproj/project.pbxproj": "d8d67b97b61ae0ababc51f36f2ba5d40b5574208aa50c14cc0bd2d4d42b24a79",
      "/private/tmp/folio-hosted-queue-1622d9963f2d480fad43029d01951ab1/iphone/test_src/HostedIntegrationTests.swift": "108b44b60dd355693fd180475786073d7e2ea3b3dc1978887a363c3b9917bd44",
      "/Users/tianli/Apps/folio/ios/01-源程序/Tests/HostedIntegrationTests.swift": "108b44b60dd355693fd180475786073d7e2ea3b3dc1978887a363c3b9917bd44",
      "/Users/tianli/Apps/folio/ios/01-源程序/Tests/HostedHarness/prepare.py": "4fd75190317b45fe9edae6687f7bc13cec3e714dc3fc0d14ea8d5ef36bb4f70e",
      "/private/tmp/folio-hosted-queue-1622d9963f2d480fad43029d01951ab1/iphone/dd/Build/Products/FolioMobile_iphonesimulator27.0-arm64-x86_64.xctestrun": "804dad5bfe7ef1fb8a8ec73ca1fdac621e5d129e73ec534ff626b71d332e1ae0",
      "/private/tmp/folio-hosted-queue-1622d9963f2d480fad43029d01951ab1/iphone/dd/Build/Products/Debug-iphonesimulator/Folio.app/AppIcon60x60@2x.png": "9a006a2298bb188814a41021c2cfb7a03fb5955060d834144aeb1837ffc9603b",
      "/private/tmp/folio-hosted-queue-1622d9963f2d480fad43029d01951ab1/iphone/dd/Build/Products/Debug-iphonesimulator/Folio.app/AppIcon76x76@2x~ipad.png": "51dbb787106e58f4e487e49fcb802eef027809ec0ec5ac10a3a4f8ef6d53d000",
      "/private/tmp/folio-hosted-queue-1622d9963f2d480fad43029d01951ab1/iphone/dd/Build/Products/Debug-iphonesimulator/Folio.app/Assets.car": "a3e384e5f62639614a3afbbc0d71fd47d31b32bf9d1940fcd41e0c1377b42148",
      "/private/tmp/folio-hosted-queue-1622d9963f2d480fad43029d01951ab1/iphone/dd/Build/Products/Debug-iphonesimulator/Folio.app/Editor/editor.css": "7091f6515705a9596bca24a98e8874cad0f61186dd064eb4183642925700dd86",
      "/private/tmp/folio-hosted-queue-1622d9963f2d480fad43029d01951ab1/iphone/dd/Build/Products/Debug-iphonesimulator/Folio.app/Editor/editor.js": "287aefd6f6f7cd4a8408c4a72c2e20e427cfeed8e7a302dd8e59e585f05fac2f",
      "/private/tmp/folio-hosted-queue-1622d9963f2d480fad43029d01951ab1/iphone/dd/Build/Products/Debug-iphonesimulator/Folio.app/Editor/fonts/KaTeX_AMS-Regular-U6PRYMIZ.woff2": "0cdd387c9590a1a9f9794560022dbb59654a7d86f187aa0c81495ad42d3a7308",
      "/private/tmp/folio-hosted-queue-1622d9963f2d480fad43029d01951ab1/iphone/dd/Build/Products/Debug-iphonesimulator/Folio.app/Editor/fonts/KaTeX_Caligraphic-Bold-5QL5CMTE.woff2": "de7701e42cf1f4cf0b766c03fb27977207eee2f4fd5d76fa82188406da43ea4c",
      "/private/tmp/folio-hosted-queue-1622d9963f2d480fad43029d01951ab1/iphone/dd/Build/Products/Debug-iphonesimulator/Folio.app/Editor/fonts/KaTeX_Caligraphic-Regular-KX5MEWCF.woff2": "5d53e70ad607c2352162dec9e0923fb54ecdafaccbf604cd8dcf7d00facb989b",
      "/private/tmp/folio-hosted-queue-1622d9963f2d480fad43029d01951ab1/iphone/dd/Build/Products/Debug-iphonesimulator/Folio.app/Editor/fonts/KaTeX_Fraktur-Bold-2QVFK6NQ.woff2": "74444efd593c005e3f4573b44524704c0af0a937fe911cca9e94068d0d140d3f",
      "/private/tmp/folio-hosted-queue-1622d9963f2d480fad43029d01951ab1/iphone/dd/Build/Products/Debug-iphonesimulator/Folio.app/Editor/fonts/KaTeX_Fraktur-Regular-2PEIFJSJ.woff2": "51814d270d06ff0255dba0799994fa4d8c84d11f09951d47595f4abb1f3602dc",
      "/private/tmp/folio-hosted-queue-1622d9963f2d480fad43029d01951ab1/iphone/dd/Build/Products/Debug-iphonesimulator/Folio.app/Editor/fonts/KaTeX_Main-Bold-YP5VVQRP.woff2": "0f60d1b897938ec918c8ce073092411baf9438f6739465693ff18b0f9d20b021",
      "/private/tmp/folio-hosted-queue-1622d9963f2d480fad43029d01951ab1/iphone/dd/Build/Products/Debug-iphonesimulator/Folio.app/Editor/fonts/KaTeX_Main-BoldItalic-N4V3DX7S.woff2": "99cd42a3c072d918f2f44984a807cf7aa16e13545fd0875fc07c6c65f99e715b",
      "/private/tmp/folio-hosted-queue-1622d9963f2d480fad43029d01951ab1/iphone/dd/Build/Products/Debug-iphonesimulator/Folio.app/Editor/fonts/KaTeX_Main-Italic-RELBIK7M.woff2": "97479ca6cce906abc961ecac96faa5f9ca2e61b8e7670d475826bcdee9a7c267",
      "/private/tmp/folio-hosted-queue-1622d9963f2d480fad43029d01951ab1/iphone/dd/Build/Products/Debug-iphonesimulator/Folio.app/Editor/fonts/KaTeX_Main-Regular-ARRPAO67.woff2": "c2342cd8b869e01752a9321dc17213fc40d4d04c79688c1d43f2cf316abd7866",
      "/private/tmp/folio-hosted-queue-1622d9963f2d480fad43029d01951ab1/iphone/dd/Build/Products/Debug-iphonesimulator/Folio.app/Editor/fonts/KaTeX_Math-BoldItalic-K4WTGH3J.woff2": "dc47344dbb6cb5b655c8460d561f4df5f501b90c804ad3c6cec65fe322351ab1",
      "/private/tmp/folio-hosted-queue-1622d9963f2d480fad43029d01951ab1/iphone/dd/Build/Products/Debug-iphonesimulator/Folio.app/Editor/fonts/KaTeX_Math-Italic-6KGCHLFN.woff2": "7af58c5ec8f132a2ddde9027c6d7814decce4d3b822a11192a42a20e2e973264",
      "/private/tmp/folio-hosted-queue-1622d9963f2d480fad43029d01951ab1/iphone/dd/Build/Products/Debug-iphonesimulator/Folio.app/Editor/fonts/KaTeX_SansSerif-Bold-RRNVJFFW.woff2": "e99ae51144bf1232efcc1bfe5add36262c6866b0faab24fa75740e1b98577a62",
      "/private/tmp/folio-hosted-queue-1622d9963f2d480fad43029d01951ab1/iphone/dd/Build/Products/Debug-iphonesimulator/Folio.app/Editor/fonts/KaTeX_SansSerif-Italic-HMPFTM52.woff2": "00b26ac825e2095056396e0553b8ac26d3f8ad158c3826e28b4c45b385c4714a",
      "/private/tmp/folio-hosted-queue-1622d9963f2d480fad43029d01951ab1/iphone/dd/Build/Products/Debug-iphonesimulator/Folio.app/Editor/fonts/KaTeX_SansSerif-Regular-XIQ62X4E.woff2": "68e8c73ef42afd3ccec58bf0fba302cce448938e7fc020a5e31f8a952eee1342",
      "/private/tmp/folio-hosted-queue-1622d9963f2d480fad43029d01951ab1/iphone/dd/Build/Products/Debug-iphonesimulator/Folio.app/Editor/fonts/KaTeX_Script-Regular-APUWIHLP.woff2": "036d4e95149b69ff9bcc0cd55771efeb25ffa3947293e69acd78d5ac328c684b",
      "/private/tmp/folio-hosted-queue-1622d9963f2d480fad43029d01951ab1/iphone/dd/Build/Products/Debug-iphonesimulator/Folio.app/Editor/fonts/KaTeX_Size1-Regular-5LRUTBFT.woff2": "6b47c40166b6dbe21a5dfca7718413f2147fd2399be1ba605d8ad39cedf25dfe",
      "/private/tmp/folio-hosted-queue-1622d9963f2d480fad43029d01951ab1/iphone/dd/Build/Products/Debug-iphonesimulator/Folio.app/Editor/fonts/KaTeX_Size2-Regular-LELKET5D.woff2": "d04c54219f9eaec6d4d4fd42dfb28785975a4794d6b2fc71e566b9cd6db842dd",
      "/private/tmp/folio-hosted-queue-1622d9963f2d480fad43029d01951ab1/iphone/dd/Build/Products/Debug-iphonesimulator/Folio.app/Editor/fonts/KaTeX_Size3-Regular-WQRQ47UD.woff2": "73d591271b1604960cb10bb90fee021670af7297017e0e98480b332d11f51995",
      "/private/tmp/folio-hosted-queue-1622d9963f2d480fad43029d01951ab1/iphone/dd/Build/Products/Debug-iphonesimulator/Folio.app/Editor/fonts/KaTeX_Size4-Regular-CDMV7U5C.woff2": "a4af7d414440a1c1790825cfb700cf9cf43b0f2c4b04f0ebc523011ad9853ec0",
      "/private/tmp/folio-hosted-queue-1622d9963f2d480fad43029d01951ab1/iphone/dd/Build/Products/Debug-iphonesimulator/Folio.app/Editor/fonts/KaTeX_Typewriter-Regular-VBYJ4NRC.woff2": "71d517d67827787cfabdf186914cc3358eda539e37931941f2b2fd4a21f68c0b",
      "/private/tmp/folio-hosted-queue-1622d9963f2d480fad43029d01951ab1/iphone/dd/Build/Products/Debug-iphonesimulator/Folio.app/Editor/highlight.js": "2bd08bd632c920db462dc9245c27867fcc6d2811948af543dfa9f4bb440d647c",
      "/private/tmp/folio-hosted-queue-1622d9963f2d480fad43029d01951ab1/iphone/dd/Build/Products/Debug-iphonesimulator/Folio.app/Editor/index.html": "dabc0c0795f5e8f31fa935c0321db088afc6a17d094508b17ed2090b13e33c1f",
      "/private/tmp/folio-hosted-queue-1622d9963f2d480fad43029d01951ab1/iphone/dd/Build/Products/Debug-iphonesimulator/Folio.app/Editor/katex.css": "15192c32d1d372e9932111255f824596f539b7dfdd04b2f5395c8be8cf63205c",
      "/private/tmp/folio-hosted-queue-1622d9963f2d480fad43029d01951ab1/iphone/dd/Build/Products/Debug-iphonesimulator/Folio.app/Editor/katex.js": "8f9037222c5ec47d1cfde23bb860e939d8a2a1cc9e5f80008fd9bb70a5269930",
      "/private/tmp/folio-hosted-queue-1622d9963f2d480fad43029d01951ab1/iphone/dd/Build/Products/Debug-iphonesimulator/Folio.app/Editor/mermaid.js": "91e61dba59569878e7e27ea8644eb051f429cb677c79e8976c9689bc40e0a2d6",
      "/private/tmp/folio-hosted-queue-1622d9963f2d480fad43029d01951ab1/iphone/dd/Build/Products/Debug-iphonesimulator/Folio.app/Folio": "bf92c008c08310a676ca6622d05039f759d1bba227225a50b6831e192244a239",
      "/private/tmp/folio-hosted-queue-1622d9963f2d480fad43029d01951ab1/iphone/dd/Build/Products/Debug-iphonesimulator/Folio.app/Folio.debug.dylib": "5ef4857d674f0da030127a641ef889339c61d521bb30f629aeba19acd3ebec83",
      "/private/tmp/folio-hosted-queue-1622d9963f2d480fad43029d01951ab1/iphone/dd/Build/Products/Debug-iphonesimulator/Folio.app/Info.plist": "4f6cbb496df740def70f2521a9befd9f0b0915f2fdb0028d6946823d69a04fb6",
      "/private/tmp/folio-hosted-queue-1622d9963f2d480fad43029d01951ab1/iphone/dd/Build/Products/Debug-iphonesimulator/Folio.app/PkgInfo": "82502191c9484b04d685374f9879a0066069c49b8acae7a04b01d38d07e8eca0",
      "/private/tmp/folio-hosted-queue-1622d9963f2d480fad43029d01951ab1/iphone/dd/Build/Products/Debug-iphonesimulator/Folio.app/PlugIns/FolioHostedIntegration.xctest/FolioHostedIntegration": "dbed2501ede87e15ffd86b314682d8416e92e347894574c0ed6e1cc11dc3892d",
      "/private/tmp/folio-hosted-queue-1622d9963f2d480fad43029d01951ab1/iphone/dd/Build/Products/Debug-iphonesimulator/Folio.app/PlugIns/FolioHostedIntegration.xctest/Info.plist": "e16aa218d2862823af15841c9127f60a1b625368997bd8de39bb79f44f1f53a2",
      "/private/tmp/folio-hosted-queue-1622d9963f2d480fad43029d01951ab1/iphone/dd/Build/Products/Debug-iphonesimulator/Folio.app/PrivacyInfo.xcprivacy": "f844676ec96000eb90a6333c73869cfae7c55c884a2362ab7b91db84d64383ab",
      "/private/tmp/folio-hosted-queue-1622d9963f2d480fad43029d01951ab1/iphone/dd/Build/Products/Debug-iphonesimulator/Folio.app/THIRD-PARTY-NOTICES.txt": "5be51b4f04c7df6e076f98dd757008926d978193a45cc3953190c9c6a5db8d37",
      "/private/tmp/folio-hosted-queue-1622d9963f2d480fad43029d01951ab1/iphone/dd/Build/Products/Debug-iphonesimulator/Folio.app/__preview.dylib": "9788f034de88e404862a280bec2d0985921bd421b94c37d4fcad0c2c6d49093b",
      "/private/tmp/folio-hosted-queue-1622d9963f2d480fad43029d01951ab1/iphone/dd/Build/Products/Debug-iphonesimulator/Folio.app/demo.md": "64e12c6c84e5c5c89a8d31928b989d59a708740cf803d663b311623aad9f0672"
    },
    "input_sha256": "2f20655669b84ae91c2fa988ed4f94b5215a2eb5f4abe3c033d0174ac53c8b6b",
    "test_sha256": "108b44b60dd355693fd180475786073d7e2ea3b3dc1978887a363c3b9917bd44",
    "monitor_code": "8702ac9fb10b364d977bbe29794feae6aed093f9bd55a29bacf45cb034aad8e6",
    "xctestrun": "/private/tmp/folio-hosted-queue-1622d9963f2d480fad43029d01951ab1/iphone/dd/Build/Products/FolioMobile_iphonesimulator27.0-arm64-x86_64.xctestrun",
    "xcode": {
      "name": "Xcode.app",
      "version": "27.0",
      "build": "27A266a",
      "developer_dir": "/Applications/Xcode.app/Contents/Developer"
    },
    "sdk": "iphonesimulator27.0",
    "expected_manifest_sha256": "6622babab91ef0226aecb0e4c07e05a5053f0fad9776b54c208f4230f089149e"
  },
  "input_stable": true,
  "xcresult_summary": {
    "devicesAndConfigurations": [
      {
        "device": {
          "architecture": "arm64",
          "deviceId": "12B97992-764F-4AAE-9C54-C41E5BEADA0B",
          "deviceName": "Folio Integration",
          "modelName": "iPhone 17 Pro",
          "osBuildNumber": "24A434",
          "osVersion": "27.0",
          "platform": "iOS Simulator"
        },
        "expectedFailures": 0,
        "failedTests": 0,
        "passedTests": 1,
        "skippedTests": 0,
        "testPlanConfiguration": {
          "configurationId": "1",
          "configurationName": "Test Scheme Action"
        }
      }
    ],
    "environmentDescription": "FolioMobile · Built with macOS 27.2",
    "expectedFailures": 0,
    "failedTests": 0,
    "finishTime": 1791109392.848,
    "passedTests": 1,
    "result": "Passed",
    "runtimeWarnings": [],
    "skippedTests": 0,
    "startTime": 1791109360.738,
    "statistics": [],
    "testFailures": [],
    "title": "Test - FolioMobile",
    "topInsights": [],
    "totalTestCount": 1
  },
  "finished_at": "2026-10-04T10:23:23.350220+00:00",
  "observed_process_group": {
    "82790": "Sun Oct  4 18:22:36 2026"
  },
  "errors": [],
  "log": "/private/tmp/folio-hosted-queue-1622d9963f2d480fad43029d01951ab1/run-20261004-182159-81698/test.log",
  "log_sha256": "39c3c901a14b425807d90ec99d6b58c38012943c15e5ee6e3ee9c8bfdeb6a6c6",
  "xcresult": "/private/tmp/folio-hosted-queue-1622d9963f2d480fad43029d01951ab1/run-20261004-182159-81698/tests.xcresult"
}
Traceback (most recent call last):
  File "/Users/tianli/Apps/folio/ios/01-源程序/Tests/HostedHarness/run.py", line 491, in <module>
    sys.exit(main())
             ^^^^^^
  File "/Users/tianli/Apps/folio/ios/01-源程序/Tests/HostedHarness/run.py", line 351, in main
    return chapter_accept(single_editor=args.single_editor)
           ^^^^^^^^^^^^^^^^^^^^^^^^^^^^^^^^^^^^^^^^^^^^^^^^
  File "/Users/tianli/Apps/folio/ios/01-源程序/Tests/HostedHarness/run.py", line 223, in chapter_accept
    shutil.copytree(run_directory, evidence / run_directory.name)
  File "/Users/tianli/.local/share/uv/python/cpython-3.12.13-macos-aarch64-none/lib/python3.12/shutil.py", line 598, in copytree
    with os.scandir(src) as itr:
         ^^^^^^^^^^^^^^^
NotADirectoryError: [Errno 20] Not a directory: '/private/tmp/folio-hosted-queue-1622d9963f2d480fad43029d01951ab1/run-expected.json'
