[xcode_env] Xcode.app (Xcode 27.0, macosx SDK 27.0)
PASS external conflict preserves dirty local content
PASS scheduled autosave does not overwrite external changes
PASS blocked autosave persists recoverable conflict draft
PASS reload adopts external file and clears conflict
PASS reload preserves local content in a separate unsaved draft
PASS fresh store restores reload backup from persisted session
PASS fresh store reloads saved document from real disk
PASS persisted closed draft restores original content
PASS restoring draft detaches duplicate open path and consumes recovery queue
PASS restored closed draft survives another store restart
PASS noninteractive clean close leaves file and recovered dirty draft intact
PASS read-only save fails without changing original bytes
PASS read-only save failure keeps draft and actionable error
PASS failed save draft is recoverable from persisted session
PASS corrupt session is retained as a recovery backup
PASS corrupt session bytes remain intact and user receives recovery message
PASS new drafts persist and restore after corrupt session recovery
PASS session write failure preserves memory content and reports failure
PASS recovery acceptance: production store and document I/O; synthetic isolated files; no GUI input
{"ok": true, "mode": "recovery", "scope": "synthetic CLI and shared engine"}
PASS configuration round-trips
PASS configuration keys use snake_case
PASS regular Markdown only; NUL/FIFO/hidden/build/private scope excluded
PASS symlinks excluded and nearest repository retained
PASS WAL coordination retained for read-only clients
PASS FTS finds long words
PASS two-character query falls back to LIKE
PASS workspace/repo/path/since/title filters combine
PASS since filter excludes older documents
PASS unchanged mtime and size skip document reads
PASS incremental modifies, inserts, and removes in one refresh
PASS removed text disappears from FTS
PASS updated text enters FTS
PASS row-level incremental FTS maintenance matches content table
PASS second incremental update keeps FTS consistent
PASS cancellation propagates as a distinct failure
PASS cancelled refresh preserves previous searchable contents
PASS cancelled transaction preserves update metadata
PASS full forces all documents to be read
PASS bad database is archived and rebuilt
PASS missing config fails without creating configuration or scanning
PASS empty roots do not create a database
PASS stats reads real database
PASS summary matches the full statistics
PASS deleting all documents commits an empty index
PASS percent is literal, not a wildcard
PASS underscore is literal, not a wildcard
PASS short query matches title or body; title-only match has no line hits
PASS query is trimmed before choosing the path
PASS line hits are case-insensitive, 1-based and trimmed
PASS per-file cap limits line hits
PASS per-file 0 skips line hits
PASS bodies only on request
PASS blank query lists by filters only
PASS truncation reported when the limit is reached
PASS limit 0 means no limit, never an empty result
PASS path filter is a literal substring
PASS title-only search
PASS default database when nothing is set
PASS Settings custom path applies
PASS environment overrides the saved setting
PASS explicit path wins
PASS escaped key text inside a document is not a setting
PASS saved custom index path is read
PASS missing session has no setting
PASS add standardizes and de-duplicates
PASS saved configuration is private
PASS a missing folder rejects the whole change
PASS adding an existing folder writes nothing
PASS remove re-reads the file and keeps other edits
PASS an unreadable configuration is never replaced
Index engine checks passed
